// Jest Snapshot v1, https://goo.gl/fbAQLP

exports[`Components | <Loading /> should render correctly 1`] = `
<DocumentFragment>
  <div
    class="loading"
  >
    <div
      class="loading__spinner"
    >
      <div
        class="loading__spinner__item"
      />
      <div
        class="loading__spinner__item"
      />
      <div
        class="loading__spinner__item"
      />
      <div
        class="loading__spinner__item"
      />
    </div>
  </div>
</DocumentFragment>
`;
